---
version: 1
interactions:
- request:
    body: <?xml version="1.0" encoding="UTF-8"?><methodCall><methodName>one.cluster.allocate</methodName><params><param><value><string>oneadmin:qwerty123</string></value></param><param><value><string>my_cluster</string></value></param></params></methodCall>
    form: {}
    headers:
      Content-Type:
      - text/xml
    url: http://localhost:2633/RPC2
    method: POST
  response:
    body: "<?xml version=\"1.0\" encoding=\"UTF-8\"?>\r\n<methodResponse>\r\n<params>\r\n<param><value><array><data>\r\n<value><boolean>1</boolean></value>\r\n<value><i4>102</i4></value>\r\n<value><i4>0</i4></value>\r\n</data></array></value></param>\r\n</params>\r\n</methodResponse>\r\n"
    headers:
      Connection:
      - Keep-Alive
      Content-Length:
      - "253"
      Content-Type:
      - text/xml; charset=utf-8
      Date:
      - Fri, 19 Oct 2018 13:08:45 UTC
      Keep-Alive:
      - timeout=15, max=30
      Server:
      - Xmlrpc-c_Abyss/1.40.0
    status: 200 OK
    code: 200
    duration: ""
- request:
    body: <?xml version="1.0" encoding="UTF-8"?><methodCall><methodName>one.cluster.info</methodName><params><param><value><string>oneadmin:qwerty123</string></value></param><param><value><int>102</int></value></param></params></methodCall>
    form: {}
    headers:
      Content-Type:
      - text/xml
    url: http://localhost:2633/RPC2
    method: POST
  response:
    body: "<?xml version=\"1.0\" encoding=\"UTF-8\"?>\r\n<methodResponse>\r\n<params>\r\n<param><value><array><data>\r\n<value><boolean>1</boolean></value>\r\n<value><string>&lt;CLUSTER&gt;&lt;ID&gt;102&lt;/ID&gt;&lt;NAME&gt;my_cluster&lt;/NAME&gt;&lt;HOSTS&gt;&lt;/HOSTS&gt;&lt;DATASTORES&gt;&lt;/DATASTORES&gt;&lt;VNETS&gt;&lt;/VNETS&gt;&lt;TEMPLATE&gt;&lt;RESERVED_CPU&gt;&lt;![CDATA[]]&gt;&lt;/RESERVED_CPU&gt;&lt;RESERVED_MEM&gt;&lt;![CDATA[]]&gt;&lt;/RESERVED_MEM&gt;&lt;/TEMPLATE&gt;&lt;/CLUSTER&gt;</string></value>\r\n<value><i4>0</i4></value>\r\n</data></array></value></param>\r\n</params>\r\n</methodResponse>\r\n"
    headers:
      Connection:
      - Keep-Alive
      Content-Length:
      - "590"
      Content-Type:
      - text/xml; charset=utf-8
      Date:
      - Fri, 19 Oct 2018 13:08:45 UTC
      Keep-Alive:
      - timeout=15, max=30
      Server:
      - Xmlrpc-c_Abyss/1.40.0
    status: 200 OK
    code: 200
    duration: ""
- request:
    body: <?xml version="1.0" encoding="UTF-8"?><methodCall><methodName>one.cluster.info</methodName><params><param><value><string>oneadmin:qwerty123</string></value></param><param><value><int>102</int></value></param></params></methodCall>
    form: {}
    headers:
      Content-Type:
      - text/xml
    url: http://localhost:2633/RPC2
    method: POST
  response:
    body: "<?xml version=\"1.0\" encoding=\"UTF-8\"?>\r\n<methodResponse>\r\n<params>\r\n<param><value><array><data>\r\n<value><boolean>1</boolean></value>\r\n<value><string>&lt;CLUSTER&gt;&lt;ID&gt;102&lt;/ID&gt;&lt;NAME&gt;my_cluster&lt;/NAME&gt;&lt;HOSTS&gt;&lt;/HOSTS&gt;&lt;DATASTORES&gt;&lt;/DATASTORES&gt;&lt;VNETS&gt;&lt;/VNETS&gt;&lt;TEMPLATE&gt;&lt;RESERVED_CPU&gt;&lt;![CDATA[]]&gt;&lt;/RESERVED_CPU&gt;&lt;RESERVED_MEM&gt;&lt;![CDATA[]]&gt;&lt;/RESERVED_MEM&gt;&lt;/TEMPLATE&gt;&lt;/CLUSTER&gt;</string></value>\r\n<value><i4>0</i4></value>\r\n</data></array></value></param>\r\n</params>\r\n</methodResponse>\r\n"
    headers:
      Connection:
      - Keep-Alive
      Content-Length:
      - "590"
      Content-Type:
      - text/xml; charset=utf-8
      Date:
      - Fri, 19 Oct 2018 13:08:45 UTC
      Keep-Alive:
      - timeout=15, max=30
      Server:
      - Xmlrpc-c_Abyss/1.40.0
    status: 200 OK
    code: 200
    duration: ""
